// Jest Snapshot v1, https://goo.gl/fbAQLP

exports[`ProjectLink renders nuxt links properly 1`] = `"received is not a function"`;
