// Jest Snapshot v1, https://goo.gl/fbAQLP

exports[`SiteHeader renders properly 1`] = `
"<header class=\\"header\\">
  <logo-stub class=\\"logo\\"></logo-stub>
</header>"
`;
