// Jest Snapshot v1, https://goo.gl/fbAQLP

exports[`TechnologyLink renders properly 1`] = `"<a href=\\"https://www.google.com/\\" target=\\"_blank\\" rel=\\"noopener noreferrer\\" class=\\"technology-link\\">Google</a>"`;
